Fetched https://en.wikipedia.org/wiki/List_of_state_leaders_in_15th-century_South_Asia 161956
Fetched https://en.wikipedia.org/wiki/List_of_state_leaders_in_15th-century_south_Asia 162427
Fetched https://en.wikipedia.org/wiki/List_of_state_leaders_in_16th-century_South_Asia 203576
Fetched https://en.wikipedia.org/wiki/List_of_state_leaders_in_17th-century_South_Asia 189659
Fetched https://en.wikipedia.org/wiki/List_of_state_leaders_in_19th-century_British_South_Asia_subsidiary_states 281745
Fetched https://en.wikipedia.org/wiki/List_of_state_leaders_in_20th-century_British_South_Asia 223362
Fetched https://en.wikipedia.org/wiki/List_of_state_leaders_in_18th-century_South_Asia_and_its_predecessor_states 253778
Fetched https://en.wikipedia.org/wiki/List_of_state_leaders_in_the_10th-century_Holy_Roman_Empire 168821
Fetched https://en.wikipedia.org/wiki/List_of_state_leaders_in_the_10th_century 441339
Fetched https://en.wikipedia.org/wiki/List_of_state_leaders_in_the_11th_century 395322
Fetched https://en.wikipedia.org/wiki/List_of_state_leaders_in_the_11th-century_Holy_Roman_Empire 206601
Fetched https://en.wikipedia.org/wiki/List_of_state_leaders_in_the_11th_century_BC 114148
Fetched https://en.wikipedia.org/wiki/List_of_state_leaders_in_the_12th_century 378432
Fetched https://en.wikipedia.org/wiki/List_of_state_leaders_in_the_12th-century_Holy_Roman_Empire 273576
Fetched https://en.wikipedia.org/wiki/List_of_state_leaders_in_the_12th_century_BC 114331
Fetched https://en.wikipedia.org/wiki/List_of_state_leaders_in_the_13th_century 438442
Fetched https://en.wikipedia.org/wiki/List_of_state_leaders_in_the_13th_century_BC 116914
Fetched https://en.wikipedia.org/wiki/List_of_state_leaders_in_the_13th-century_Holy_Roman_Empire 345374
Fetched https://en.wikipedia.org/wiki/List_of_state_leaders_in_the_14th-century_Holy_Roman_Empire 449956
Fetched https://en.wikipedia.org/wiki/List_of_state_leaders_in_the_14th_century 517990
Fetched https://en.wikipedia.org/wiki/List_of_state_leaders_in_the_14th_century_BC 123462
Fetched https://en.wikipedia.org/wiki/List_of_state_leaders_in_the_15th-century_Holy_Roman_Empire 429368
Fetched https://en.wikipedia.org/wiki/List_of_state_leaders_in_the_15th_century_BC 126216
Fetched https://en.wikipedia.org/wiki/List_of_state_leaders_in_the_16th-century_Holy_Roman_Empire 511487
Fetched https://en.wikipedia.org/wiki/List_of_state_leaders_in_the_16th_century 693356
Fetched https://en.wikipedia.org/wiki/List_of_state_leaders_in_the_16th_century_BC 124309
Fetched https://en.wikipedia.org/wiki/List_of_state_leaders_in_the_17th-century_Holy_Roman_Empire 554539
Fetched https://en.wikipedia.org/wiki/List_of_state_leaders_in_the_17th_century 697894
Fetched https://en.wikipedia.org/wiki/List_of_state_leaders_in_the_17th_century_BC 119839
Fetched https://en.wikipedia.org/wiki/List_of_state_leaders_in_the_18th-century_Holy_Roman_Empire 544714
Fetched https://en.wikipedia.org/wiki/List_of_state_leaders_in_the_18th_century 853428
Fetched https://en.wikipedia.org/wiki/List_of_state_leaders_in_the_18th_century_BC 129408
Fetched https://en.wikipedia.org/wiki/List_of_state_leaders_in_the_19th-century_Holy_Roman_Empire 232175
Fetched https://en.wikipedia.org/wiki/List_of_state_leaders_in_the_19th_century_(1801%E2%80%931850) 840705
Fetched https://en.wikipedia.org/wiki/List_of_state_leaders_in_the_19th_century_(1851%E2%80%931900) 934207
Fetched https://en.wikipedia.org/wiki/List_of_state_leaders_in_the_19th_century_BC 118285
Fetched https://en.wikipedia.org/wiki/List_of_state_leaders_in_the_1st_century 193597
Fetched https://en.wikipedia.org/wiki/List_of_state_leaders_in_the_1st_century_BC 219854
Fetched https://en.wikipedia.org/wiki/List_of_state_leaders_in_the_2000s 760631
Fetched https://en.wikipedia.org/wiki/List_of_state_leaders_in_the_2010s 752509
Fetched https://en.wikipedia.org/wiki/List_of_state_leaders_in_the_2020s 890442
Fetched https://en.wikipedia.org/wiki/List_of_state_leaders_in_the_20th_century_BC 120093
Fetched https://en.wikipedia.org/wiki/List_of_state_leaders_in_the_20th_century_(1951%E2%80%932000) 1775150
Fetched https://en.wikipedia.org/wiki/List_of_state_leaders_in_the_2nd_century_BC 201254
Fetched https://en.wikipedia.org/wiki/List_of_state_leaders_in_the_2nd_century 166779
Fetched https://en.wikipedia.org/wiki/List_of_state_leaders_in_the_3rd_century_BC 212998
Fetched https://en.wikipedia.org/wiki/List_of_state_leaders_in_the_3rd_century 176932
Fetched https://en.wikipedia.org/wiki/List_of_state_leaders_in_the_4th_century 169818
Fetched https://en.wikipedia.org/wiki/List_of_state_leaders_in_the_4th_century_BC 201541
Fetched https://en.wikipedia.org/wiki/List_of_state_leaders_in_the_5th_century 212370
Fetched https://en.wikipedia.org/wiki/List_of_state_leaders_in_the_5th_century_BC 216363
Fetched https://en.wikipedia.org/wiki/List_of_state_leaders_in_the_6th_century 244396
Fetched https://en.wikipedia.org/wiki/List_of_state_leaders_in_the_6th_century_BC 161853
Fetched https://en.wikipedia.org/wiki/List_of_state_leaders_in_the_7th_century 277638
Fetched https://en.wikipedia.org/wiki/List_of_state_leaders_in_the_7th_century_BC 150458
Fetched https://en.wikipedia.org/wiki/List_of_state_leaders_in_the_8th_century 299327
Fetched https://en.wikipedia.org/wiki/List_of_state_leaders_in_the_8th_century_BC 147203
Fetched https://en.wikipedia.org/wiki/List_of_state_leaders_in_the_9th_century 337027
Fetched https://en.wikipedia.org/wiki/List_of_state_leaders_in_the_9th_century_BC 129127
Fetched https://en.wikipedia.org/wiki/List_of_state_leaders_in_16th-century_south_Asia 204045
Fetched https://en.wikipedia.org/wiki/List_of_state_leaders_in_17th-century_south_Asia 190129
Fetched https://en.wikipedia.org/wiki/List_of_state_leaders_in_18th-century_British_South_Asia_and_its_predecessor_states 254412
Fetched https://en.wikipedia.org/wiki/List_of_state_leaders_in_19th-century_British_south_Asia_subsidiary_states 282345
Fetched https://en.wikipedia.org/wiki/List_of_state_leaders_in_the_20th_century 83014
{"downloadedPages": 70, "records": 0, "polities": 0, "heldEntries": 0}
