Unavailable https://en.wikipedia.org/wiki/List_of_Timurid_rulers HTTP Error 404: Not Found
Progress 10/1904 URLs
Unavailable https://en.wikipedia.org/wiki/List_of_monarchs_of_the_Achaemenid_Empire HTTP Error 404: Not Found
Progress 20/1904 URLs
Unavailable https://en.wikipedia.org/wiki/List_of_Chola_emperors HTTP Error 404: Not Found
Progress 30/1904 URLs
Unavailable https://en.wikipedia.org/wiki/List_of_emperors_of_Russia HTTP Error 404: Not Found
Progress 40/1904 URLs
Progress 50/1904 URLs
Progress 60/1904 URLs
Progress 70/1904 URLs
Progress 80/1904 URLs
Progress 90/1904 URLs
Progress 100/1904 URLs
Progress 110/1904 URLs
Progress 120/1904 URLs
Progress 130/1904 URLs
Progress 140/1904 URLs
Progress 150/1904 URLs
Progress 160/1904 URLs
Progress 170/1904 URLs
Progress 180/1904 URLs
Progress 190/1904 URLs
Progress 200/1904 URLs
Progress 210/1904 URLs
Progress 220/1904 URLs
Progress 230/1904 URLs
Progress 240/1904 URLs
Progress 250/1904 URLs
Progress 260/1904 URLs
Progress 270/1904 URLs
Progress 280/1904 URLs
Progress 290/1904 URLs
Progress 300/1904 URLs
Progress 310/1904 URLs
Progress 320/1904 URLs
Progress 330/1904 URLs
Progress 340/1904 URLs
Progress 350/1904 URLs
Progress 360/1904 URLs
Progress 370/1904 URLs
Progress 380/1904 URLs
Progress 390/1904 URLs
Progress 400/1904 URLs
Progress 410/1904 URLs
Progress 420/1904 URLs
Progress 430/1904 URLs
Progress 440/1904 URLs
Progress 450/1904 URLs
Progress 460/1904 URLs
Progress 470/1904 URLs
Progress 480/1904 URLs
Progress 490/1904 URLs
Progress 500/1904 URLs
Progress 510/1904 URLs
Progress 520/1904 URLs
Progress 530/1904 URLs
Progress 540/1904 URLs
Progress 550/1904 URLs
Progress 560/1904 URLs
Progress 570/1904 URLs
Progress 580/1904 URLs
Progress 590/1904 URLs
Progress 600/1904 URLs
Progress 610/1904 URLs
Progress 620/1904 URLs
Progress 630/1904 URLs
Progress 640/1904 URLs
Progress 650/1904 URLs
Progress 660/1904 URLs
Progress 670/1904 URLs
Progress 680/1904 URLs
Progress 690/1904 URLs
Progress 700/1904 URLs
Progress 710/1904 URLs
Progress 720/1904 URLs
Progress 730/1904 URLs
Progress 740/1904 URLs
Progress 750/1904 URLs
Progress 760/1904 URLs
Progress 770/1904 URLs
Progress 780/1904 URLs
Progress 790/1904 URLs
Progress 800/1904 URLs
Progress 810/1904 URLs
Progress 820/1904 URLs
Progress 830/1904 URLs
Progress 840/1904 URLs
Progress 850/1904 URLs
Progress 860/1904 URLs
Progress 870/1904 URLs
Progress 880/1904 URLs
Progress 890/1904 URLs
Progress 900/1904 URLs
Progress 910/1904 URLs
Progress 920/1904 URLs
Progress 930/1904 URLs
Progress 940/1904 URLs
Progress 950/1904 URLs
Progress 960/1904 URLs
Progress 970/1904 URLs
Progress 980/1904 URLs
Progress 990/1904 URLs
Progress 1000/1904 URLs
Progress 1010/1904 URLs
Unavailable https://en.wikipedia.org/wiki/List_of_Cambodian_monarchs HTTP Error 404: Not Found
Progress 1020/1904 URLs
Progress 1030/1904 URLs
Progress 1040/1904 URLs
Progress 1050/1904 URLs
Progress 1060/1904 URLs
Progress 1070/1904 URLs
Progress 1080/1904 URLs
Progress 1090/1904 URLs
Progress 1100/1904 URLs
Progress 1110/1904 URLs
Progress 1120/1904 URLs
Progress 1130/1904 URLs
Progress 1140/1904 URLs
Progress 1150/1904 URLs
Progress 1160/1904 URLs
Progress 1170/1904 URLs
Progress 1180/1904 URLs
Unavailable https://en.wikipedia.org/wiki/id.wikipedia.org%2Fwiki%2FKesultanan_Sambaliung HTTP Error 404: Not Found
Progress 1190/1904 URLs
Progress 1200/1904 URLs
Progress 1210/1904 URLs
Progress 1220/1904 URLs
Progress 1230/1904 URLs
Progress 1240/1904 URLs
Progress 1250/1904 URLs
Progress 1260/1904 URLs
Progress 1270/1904 URLs
Progress 1280/1904 URLs
Progress 1290/1904 URLs
Progress 1300/1904 URLs
Progress 1310/1904 URLs
Progress 1320/1904 URLs
Progress 1330/1904 URLs
Progress 1340/1904 URLs
Progress 1350/1904 URLs
Progress 1360/1904 URLs
Progress 1370/1904 URLs
Progress 1380/1904 URLs
Progress 1390/1904 URLs
Progress 1400/1904 URLs
Progress 1410/1904 URLs
Progress 1420/1904 URLs
Progress 1430/1904 URLs
Progress 1440/1904 URLs
Progress 1450/1904 URLs
Progress 1460/1904 URLs
Progress 1470/1904 URLs
Progress 1480/1904 URLs
Progress 1490/1904 URLs
Progress 1500/1904 URLs
Progress 1510/1904 URLs
Progress 1520/1904 URLs
Progress 1530/1904 URLs
Progress 1540/1904 URLs
Progress 1550/1904 URLs
Progress 1560/1904 URLs
Progress 1570/1904 URLs
Progress 1580/1904 URLs
Unavailable https://en.wikipedia.org/wiki/List_of_ministers-president_of_Baden-Württemberg#Ministers-President_of_the_Grand_Duchy_of_Baden_(1809–1918) 'ascii' codec can't encode character '\xfc' in position 48: ordinal not in range(128)
Unavailable https://en.wikipedia.org/wiki/List_of_monarchs_of_Württemberg 'ascii' codec can't encode character '\xfc' in position 31: ordinal not in range(128)
Unavailable https://en.wikipedia.org/wiki/List_of_ministers-president_of_Baden-Württemberg#Ministers-President_of_the_Kingdom_of_Württemberg_(1821–1918) 'ascii' codec can't encode character '\xfc' in position 48: ordinal not in range(128)
Progress 1590/1904 URLs
Progress 1600/1904 URLs
Unavailable https://en.wikipedia.org/wiki/List_of_ministers-president_of_Baden-Württemberg#Presidents_of_the_Republic_of_Baden_(1918–1945) 'ascii' codec can't encode character '\xfc' in position 48: ordinal not in range(128)
Progress 1610/1904 URLs
Progress 1620/1904 URLs
Progress 1630/1904 URLs
Progress 1640/1904 URLs
Progress 1650/1904 URLs
Progress 1660/1904 URLs
Progress 1670/1904 URLs
Progress 1680/1904 URLs
Progress 1690/1904 URLs
Progress 1700/1904 URLs
Progress 1710/1904 URLs
Progress 1720/1904 URLs
Progress 1730/1904 URLs
Progress 1740/1904 URLs
Progress 1750/1904 URLs
Progress 1760/1904 URLs
Progress 1770/1904 URLs
Progress 1780/1904 URLs
Progress 1790/1904 URLs
Progress 1800/1904 URLs
Progress 1810/1904 URLs
Progress 1820/1904 URLs
Progress 1830/1904 URLs
Progress 1840/1904 URLs
Progress 1850/1904 URLs
Progress 1860/1904 URLs
Progress 1870/1904 URLs
Progress 1880/1904 URLs
Unavailable https://en.wikipedia.org/wiki/Cambodia_Middle_Period HTTP Error 404: Not Found
Fetched https://en.wikipedia.org/wiki/List_of_rulers_of_Saba_and_Himyar 139911
Fetched https://en.wikipedia.org/wiki/King_of_Wu 88249
Fetched https://en.wikipedia.org/wiki/List_of_emperors_of_Tibet 142314
Fetched https://en.wikipedia.org/wiki/King_of_Pamplona 505831
Fetched https://en.wikipedia.org/wiki/Count_of_Provence 207913
Fetched https://en.wikipedia.org/wiki/List_of_dukes,_kings,_counts,_and_margraves_of_Provence 208060
Progress 1890/1904 URLs
Fetched https://en.wikipedia.org/wiki/Prince_of_Kiev 312136
Fetched https://en.wikipedia.org/wiki/Count_of_Rouergue 59750
Fetched https://en.wikipedia.org/wiki/Count_of_Anjou 241159
Fetched https://en.wikipedia.org/wiki/Prince_of_Chernigov 98953
Fetched https://en.wikipedia.org/wiki/Count_of_Edessa 177074
Fetched https://en.wikipedia.org/wiki/Count_of_Tripoli 75504
Fetched https://en.wikipedia.org/wiki/Count_of_Boulogne 123833
Fetched https://en.wikipedia.org/wiki/Count_of_P%C3%A9rigord 100066
Fetched https://en.wikipedia.org/wiki/Count_of_Poitou 91186
Fetched https://en.wikipedia.org/wiki/Grand_Master_of_the_Teutonic_Order 236141
Progress 1900/1904 URLs
Fetched https://en.wikipedia.org/wiki/List_of_Counts_of_Albon_and_Dauphins_of_Viennois 125421
Fetched https://en.wikipedia.org/wiki/List_of_rulers_of_the_Yoruba_state_of_Oyo 149015
Fetched https://en.wikipedia.org/wiki/Grand_Master_of_the_Teutonic_Knights 236549
Fetched https://en.wikipedia.org/wiki/List_of_rulers_of_Asante 158260
