Unavailable https://en.wikipedia.org/wiki/List_of_monarchs_of_the_Achaemenid_Empire HTTP Error 404: Not Found
Progress 10/1858 URLs
Unavailable https://en.wikipedia.org/wiki/List_of_Timurid_rulers HTTP Error 404: Not Found
Progress 20/1858 URLs
Unavailable https://en.wikipedia.org/wiki/List_of_emperors_of_Russia HTTP Error 404: Not Found
Progress 30/1858 URLs
Unavailable https://en.wikipedia.org/wiki/List_of_Chola_emperors HTTP Error 404: Not Found
Progress 40/1858 URLs
Progress 50/1858 URLs
Progress 60/1858 URLs
Progress 70/1858 URLs
Progress 80/1858 URLs
Progress 90/1858 URLs
Progress 100/1858 URLs
Progress 110/1858 URLs
Progress 120/1858 URLs
Progress 130/1858 URLs
Progress 140/1858 URLs
Progress 150/1858 URLs
Progress 160/1858 URLs
Progress 170/1858 URLs
Progress 180/1858 URLs
Progress 190/1858 URLs
Progress 200/1858 URLs
Progress 210/1858 URLs
Progress 220/1858 URLs
Progress 230/1858 URLs
Progress 240/1858 URLs
Progress 250/1858 URLs
Progress 260/1858 URLs
Progress 270/1858 URLs
Progress 280/1858 URLs
Progress 290/1858 URLs
Progress 300/1858 URLs
Progress 310/1858 URLs
Progress 320/1858 URLs
Progress 330/1858 URLs
Progress 340/1858 URLs
Progress 350/1858 URLs
Progress 360/1858 URLs
Progress 370/1858 URLs
Progress 380/1858 URLs
Progress 390/1858 URLs
Progress 400/1858 URLs
Progress 410/1858 URLs
Progress 420/1858 URLs
Progress 430/1858 URLs
Progress 440/1858 URLs
Progress 450/1858 URLs
Progress 460/1858 URLs
Progress 470/1858 URLs
Progress 480/1858 URLs
Progress 490/1858 URLs
Progress 500/1858 URLs
Progress 510/1858 URLs
Progress 520/1858 URLs
Progress 530/1858 URLs
Progress 540/1858 URLs
Progress 550/1858 URLs
Progress 560/1858 URLs
Progress 570/1858 URLs
Progress 580/1858 URLs
Progress 590/1858 URLs
Progress 600/1858 URLs
Progress 610/1858 URLs
Progress 620/1858 URLs
Progress 630/1858 URLs
Progress 640/1858 URLs
Progress 650/1858 URLs
Progress 660/1858 URLs
Progress 670/1858 URLs
Progress 680/1858 URLs
Progress 690/1858 URLs
Progress 700/1858 URLs
Progress 710/1858 URLs
Progress 720/1858 URLs
Progress 730/1858 URLs
Progress 740/1858 URLs
Progress 750/1858 URLs
Progress 760/1858 URLs
Progress 770/1858 URLs
Progress 780/1858 URLs
Progress 790/1858 URLs
Progress 800/1858 URLs
Progress 810/1858 URLs
Progress 820/1858 URLs
Progress 830/1858 URLs
Progress 840/1858 URLs
Progress 850/1858 URLs
Progress 860/1858 URLs
Progress 870/1858 URLs
Progress 880/1858 URLs
Progress 890/1858 URLs
Progress 900/1858 URLs
Progress 910/1858 URLs
Progress 920/1858 URLs
Progress 930/1858 URLs
Progress 940/1858 URLs
Progress 950/1858 URLs
Progress 960/1858 URLs
Progress 970/1858 URLs
Progress 980/1858 URLs
Progress 990/1858 URLs
Progress 1000/1858 URLs
Unavailable https://en.wikipedia.org/wiki/List_of_Cambodian_monarchs HTTP Error 404: Not Found
Progress 1010/1858 URLs
Progress 1020/1858 URLs
Progress 1030/1858 URLs
Progress 1040/1858 URLs
Progress 1050/1858 URLs
Progress 1060/1858 URLs
Progress 1070/1858 URLs
Progress 1080/1858 URLs
Progress 1090/1858 URLs
Progress 1100/1858 URLs
Progress 1110/1858 URLs
Progress 1120/1858 URLs
Progress 1130/1858 URLs
Progress 1140/1858 URLs
Progress 1150/1858 URLs
Progress 1160/1858 URLs
Progress 1170/1858 URLs
Progress 1180/1858 URLs
Unavailable https://en.wikipedia.org/wiki/Cambodia_Middle_Period HTTP Error 404: Not Found
Progress 1190/1858 URLs
Progress 1200/1858 URLs
Progress 1210/1858 URLs
Progress 1220/1858 URLs
Progress 1230/1858 URLs
Progress 1240/1858 URLs
Progress 1250/1858 URLs
Progress 1260/1858 URLs
Progress 1270/1858 URLs
Progress 1280/1858 URLs
Progress 1290/1858 URLs
Progress 1300/1858 URLs
Progress 1310/1858 URLs
Progress 1320/1858 URLs
Progress 1330/1858 URLs
Progress 1340/1858 URLs
Progress 1350/1858 URLs
Progress 1360/1858 URLs
Progress 1370/1858 URLs
Progress 1380/1858 URLs
Progress 1390/1858 URLs
Progress 1400/1858 URLs
Progress 1410/1858 URLs
Progress 1420/1858 URLs
Progress 1430/1858 URLs
Progress 1440/1858 URLs
Progress 1450/1858 URLs
Progress 1460/1858 URLs
Progress 1470/1858 URLs
Progress 1480/1858 URLs
Progress 1490/1858 URLs
Progress 1500/1858 URLs
Progress 1510/1858 URLs
Progress 1520/1858 URLs
Progress 1530/1858 URLs
Progress 1540/1858 URLs
Progress 1550/1858 URLs
Progress 1560/1858 URLs
Unavailable https://en.wikipedia.org/wiki/id.wikipedia.org%2Fwiki%2FKesultanan_Sambaliung HTTP Error 404: Not Found
Fetched https://en.wikipedia.org/wiki/List_of_rulers_of_Morocco#Wattasid_dynasty 333809
Fetched https://en.wikipedia.org/wiki/List_of_Lithuanian_monarchs 604972
Progress 1570/1858 URLs
Fetched https://en.wikipedia.org/wiki/List_of_rulers_of_Banjar 242067
Fetched https://en.wikipedia.org/wiki/List_of_monarchs_of_Baden 312699
Progress 1580/1858 URLs
Unavailable https://en.wikipedia.org/wiki/List_of_ministers-president_of_Baden-Württemberg#Ministers-President_of_the_Grand_Duchy_of_Baden_(1809–1918) 'ascii' codec can't encode character '\xfc' in position 48: ordinal not in range(128)
Unavailable https://en.wikipedia.org/wiki/List_of_monarchs_of_Württemberg 'ascii' codec can't encode character '\xfc' in position 31: ordinal not in range(128)
Unavailable https://en.wikipedia.org/wiki/List_of_ministers-president_of_Baden-Württemberg#Ministers-President_of_the_Kingdom_of_Württemberg_(1821–1918) 'ascii' codec can't encode character '\xfc' in position 48: ordinal not in range(128)
Fetched https://en.wikipedia.org/wiki/List_of_rulers_of_Mecklenburg 502518
Fetched https://en.wikipedia.org/wiki/List_of_rulers_of_Saxony 527937
Fetched https://en.wikipedia.org/wiki/List_of_ministers-president_of_Saxony 237516
Fetched https://en.wikipedia.org/wiki/List_of_ministers-president_of_Bavaria 418052
Progress 1590/1858 URLs
Fetched https://en.wikipedia.org/wiki/List_of_Vice_Presidents_of_Colombia 183352
Fetched https://en.wikipedia.org/wiki/List_of_Presidents_of_Colombia 796263
Fetched https://en.wikipedia.org/wiki/List_of_Chief_Ministers_of_Jammu_and_Kashmir#Prime_Ministers_of_Jammu_and_Kashmir 258569
Progress 1600/1858 URLs
Unavailable https://en.wikipedia.org/wiki/List_of_ministers-president_of_Baden-Württemberg#Presidents_of_the_Republic_of_Baden_(1918–1945) 'ascii' codec can't encode character '\xfc' in position 48: ordinal not in range(128)
Progress 1610/1858 URLs
Progress 1620/1858 URLs
Progress 1630/1858 URLs
Progress 1640/1858 URLs
Progress 1650/1858 URLs
Fetched https://en.wikipedia.org/wiki/List_of_Presidents_of_Colombia#Granadine_Confederation_(1858–1863) 796263
Fetched https://en.wikipedia.org/wiki/List_of_rulers_of_Bengal 1303935
Fetched https://en.wikipedia.org/wiki/List_of_Indian_monarchs 1250643
Fetched https://en.wikipedia.org/wiki/Template:Samma_monarchs 52914
Fetched https://en.wikipedia.org/wiki/Template:Madurai_Nayak_Dynasty 66711
Fetched https://en.wikipedia.org/wiki/Maharaja_of_Mysore 212847
Fetched https://en.wikipedia.org/wiki/List_of_rulers_of_Bhutan 230444
Fetched https://en.wikipedia.org/wiki/Maratha_rulers 120934
Fetched https://en.wikipedia.org/wiki/Dynasty 713313
Fetched https://en.wikipedia.org/wiki/List_of_British_monarchs 414015
Fetched https://en.wikipedia.org/wiki/Holy_Roman_Emperor 407324
Progress 1660/1858 URLs
Fetched https://en.wikipedia.org/wiki/List_of_German_monarchs 513233
Fetched https://en.wikipedia.org/wiki/List_of_rulers_of_Bavaria 1066579
Fetched https://en.wikipedia.org/wiki/Count_of_Holland 174022
Fetched https://en.wikipedia.org/wiki/List_of_rulers_of_Lorraine 152105
Fetched https://en.wikipedia.org/wiki/List_of_Counts_Palatine_of_the_Rhine 360300
Fetched https://en.wikipedia.org/wiki/Elector_of_Trier 111650
Fetched https://en.wikipedia.org/wiki/List_of_rulers_of_Thuringia 101912
Fetched https://en.wikipedia.org/wiki/List_of_kings_of_Burgundy 176077
Fetched https://en.wikipedia.org/wiki/Duke_of_Spoleto 102392
Progress 1670/1858 URLs
Fetched https://en.wikipedia.org/wiki/List_of_Doges_of_Venice 420205
Fetched https://en.wikipedia.org/wiki/List_of_Emperors_of_Ethiopia 327451
Fetched https://en.wikipedia.org/wiki/List_of_rulers_of_Morocco 333809
Fetched https://en.wikipedia.org/wiki/Emperor_of_Former_Shu 156800
Fetched https://en.wikipedia.org/wiki/List_of_emperors_of_the_Song_dynasty 432590
Fetched https://en.wikipedia.org/wiki/List_of_monarchs_of_Cambodia 502138
Fetched https://en.wikipedia.org/wiki/List_of_monarchs_of_Bali 131736
Fetched https://en.wikipedia.org/wiki/List_of_sovereign_state_leaders_in_the_Philippines 466153
Fetched https://en.wikipedia.org/wiki/List_of_monarchs_of_Vietnam 607229
Fetched https://en.wikipedia.org/wiki/Ghurid_Sultanate 884509
Fetched https://en.wikipedia.org/wiki/Gurjara-Pratihara 452721
Progress 1680/1858 URLs
Fetched https://en.wikipedia.org/wiki/List_of_Caliphs 553132
Fetched https://en.wikipedia.org/wiki/List_of_rulers_of_Duklja 136569
Fetched https://en.wikipedia.org/wiki/List_of_rulers_of_the_Kingdom_of_the_Isles 331053
Fetched https://en.wikipedia.org/wiki/List_of_monarchs_of_East_Anglia 259484
Fetched https://en.wikipedia.org/wiki/List_of_rulers_of_Wales 839626
Fetched https://en.wikipedia.org/wiki/List_of_Volga_Bulgaria_kings 130297
Fetched https://en.wikipedia.org/wiki/Grand_Prince_of_Kiev 311780
Fetched https://en.wikipedia.org/wiki/List_of_Khazar_rulers 155204
Fetched https://en.wikipedia.org/wiki/List_of_Princes_of_Capua 89495
Fetched https://en.wikipedia.org/wiki/Duke_of_Naples 109574
Progress 1690/1858 URLs
Fetched https://en.wikipedia.org/wiki/List_of_Princes_of_Salerno 93366
Fetched https://en.wikipedia.org/wiki/Counts_of_Urgell 87533
Fetched https://en.wikipedia.org/wiki/Duke_of_Aquitaine 333571
Fetched https://en.wikipedia.org/wiki/Count_of_Artois 109361
Fetched https://en.wikipedia.org/wiki/List_of_rulers_of_Brittany 263228
Fetched https://en.wikipedia.org/wiki/Counts_and_dukes_of_Maine 88228
Fetched https://en.wikipedia.org/wiki/List_of_Dukes_of_Burgundy 228407
Fetched https://en.wikipedia.org/wiki/Duke_of_Normandy 321397
Fetched https://en.wikipedia.org/wiki/List_of_rulers_of_Provence 207584
Progress 1700/1858 URLs
Fetched https://en.wikipedia.org/wiki/Count_of_Toulouse 128385
Fetched https://en.wikipedia.org/wiki/List_of_Armenian_kings 488753
Fetched https://en.wikipedia.org/wiki/List_of_pharaohs 2768989
Fetched https://en.wikipedia.org/wiki/List_of_monarchs_of_Georgia 662783
Fetched https://en.wikipedia.org/wiki/List_of_rulers_of_Elam 546503
Fetched https://en.wikipedia.org/wiki/List_of_rulers_of_China 2894808
Fetched https://en.wikipedia.org/wiki/List_of_counts_of_Burgundy 129514
Fetched https://en.wikipedia.org/wiki/Duke_of_Brabant 126154
Fetched https://en.wikipedia.org/wiki/Prince_of_Orange 295227
Fetched https://en.wikipedia.org/wiki/Rajatarangini 305617
Progress 1710/1858 URLs
Fetched https://en.wikipedia.org/wiki/List_of_Sri_Lankan_monarchs 528007
Fetched https://en.wikipedia.org/wiki/Prince_of_Peremyshl 81913
Fetched https://en.wikipedia.org/wiki/Prince_of_Turov 83065
Fetched https://en.wikipedia.org/wiki/Duke_of_Amalfi 96940
Fetched https://en.wikipedia.org/wiki/List_of_Aragonese_monarchs 222345
Fetched https://en.wikipedia.org/wiki/List_of_Castilian_monarchs 178246
Fetched https://en.wikipedia.org/wiki/List_of_Castilian_counts 129300
Fetched https://en.wikipedia.org/wiki/List_of_Leonese_monarchs 439810
Fetched https://en.wikipedia.org/wiki/List_of_French_monarchs 842477
Fetched https://en.wikipedia.org/wiki/Bagratid_Iberia 340329
Fetched https://en.wikipedia.org/wiki/List_of_Elamite_kings 546164
Progress 1720/1858 URLs
Fetched https://en.wikipedia.org/wiki/Count_of_Flanders 214754
Fetched https://en.wikipedia.org/wiki/List_of_rulers_of_Brandenburg 851004
Fetched https://en.wikipedia.org/wiki/Walashma_dynasty 413886
Fetched https://en.wikipedia.org/wiki/List_of_sultans_of_the_Seljuk_Empire 113620
Fetched https://en.wikipedia.org/wiki/Duke_of_Opole 76078
Fetched https://en.wikipedia.org/wiki/Duke_of_Masovia 220088
Fetched https://en.wikipedia.org/wiki/Grand_Duke_of_Vladimir 158710
Fetched https://en.wikipedia.org/wiki/List_of_monarchs_of_Sicily 293800
Fetched https://en.wikipedia.org/wiki/Duke_of_Burgundy 227877
Fetched https://en.wikipedia.org/wiki/Count_of_Champagne 115482
Progress 1730/1858 URLs
Fetched https://en.wikipedia.org/wiki/Template:Mansas_of_Mali_Empire 58805
Fetched https://en.wikipedia.org/wiki/List_of_Chagatai_khans 503622
Fetched https://en.wikipedia.org/wiki/List_of_Sibir_khans 89502
Fetched https://en.wikipedia.org/wiki/List_of_Yuan_emperors 315500
Fetched https://en.wikipedia.org/wiki/List_of_monarchs_of_Java 179158
Fetched https://en.wikipedia.org/wiki/List_of_rulers_of_Lan_Na 375296
Fetched https://en.wikipedia.org/wiki/List_of_monarchs_of_Thailand 918397
Fetched https://en.wikipedia.org/wiki/Latin_Emperor 170227
Fetched https://en.wikipedia.org/wiki/Duke_of_Ferrara_and_of_Modena 352693
Fetched https://en.wikipedia.org/wiki/List_of_khans_of_the_Golden_Horde 1441392
Progress 1740/1858 URLs
Fetched https://en.wikipedia.org/wiki/Doge_of_Genoa 228698
Fetched https://en.wikipedia.org/wiki/List_of_rulers_of_Monaco 229902
Fetched https://en.wikipedia.org/wiki/List_of_rulers_of_Milan 50837
Fetched https://en.wikipedia.org/wiki/List_of_rulers_of_Kongo 347853
Fetched https://en.wikipedia.org/wiki/List_of_Tenochtitlan_rulers 270714
Fetched https://en.wikipedia.org/wiki/List_of_Chagatai_Khans 503974
Fetched https://en.wikipedia.org/wiki/Sonni_dynasty 122058
Fetched https://en.wikipedia.org/wiki/List_of_people_associated_with_the_Republic_of_Ragusa 125381
Fetched https://en.wikipedia.org/wiki/Sapa_Inca 322492
Progress 1750/1858 URLs
Fetched https://en.wikipedia.org/wiki/List_of_Kazakh_khans 120504
Fetched https://en.wikipedia.org/wiki/Sultan_of_Pahang 183878
Fetched https://en.wikipedia.org/wiki/List_of_Arakanese_monarchs 189051
Fetched https://en.wikipedia.org/wiki/Rector_(Ragusa) 172711
Fetched https://en.wikipedia.org/wiki/List_of_Crimean_khans 159018
Fetched https://en.wikipedia.org/wiki/List_of_Kazan_khans 123675
Fetched https://en.wikipedia.org/wiki/List_of_Qasim_Khans 108663
Fetched https://en.wikipedia.org/wiki/List_of_rulers_of_Tuscany 179337
Fetched https://en.wikipedia.org/wiki/List_of_kings_of_Babylon 1328292
Fetched https://en.wikipedia.org/wiki/List_of_rulers_of_the_Lunda_Empire 90127
Progress 1760/1858 URLs
Fetched https://en.wikipedia.org/wiki/Sultan_of_Johor 196851
Fetched https://en.wikipedia.org/wiki/List_of_Princes_of_Transylvania 206516
Fetched https://en.wikipedia.org/wiki/Askiya_dynasty 157061
Fetched https://en.wikipedia.org/wiki/List_of_stadtholders_for_the_Low_Countries_provinces 288054
Fetched https://en.wikipedia.org/wiki/List_of_monarchs_of_Liechtenstein 245657
Fetched https://en.wikipedia.org/wiki/List_of_Georgian_princes_(mtavars) 94315
Fetched https://en.wikipedia.org/wiki/Keira_dynasty 264934
Fetched https://en.wikipedia.org/wiki/List_of_rulers_of_Wadai 86778
Fetched https://en.wikipedia.org/wiki/List_of_Assyrian_kings 780357
Fetched https://en.wikipedia.org/wiki/List_of_Beys_of_Tunis 260892
Progress 1770/1858 URLs
Fetched https://en.wikipedia.org/wiki/Yamtuan_Besar 235943
Fetched https://en.wikipedia.org/wiki/List_of_governors_of_Vermont 1195737
Fetched https://en.wikipedia.org/wiki/List_of_monarchs_of_Persia 1901942
Fetched https://en.wikipedia.org/wiki/List_of_Russian_rulers 844671
Fetched https://en.wikipedia.org/wiki/List_of_rulers_of_the_Netherlands 640360
Fetched https://en.wikipedia.org/wiki/Counts,_dukes_and_grand_dukes_of_Oldenburg 128202
Fetched https://en.wikipedia.org/wiki/List_of_rulers_of_Brunswick-Wolfenb%C3%BCttel 91519
Fetched https://en.wikipedia.org/wiki/Kings_of_Hanover 179395
Fetched https://en.wikipedia.org/wiki/President_of_Liberia 368575
Fetched https://en.wikipedia.org/wiki/List_of_heads_of_state_of_Haiti 508201
Fetched https://en.wikipedia.org/wiki/List_of_heads_of_state_of_El_Salvador 828949
Progress 1780/1858 URLs
Fetched https://en.wikipedia.org/wiki/List_of_heads_of_state_of_Federal_Republic_of_Central_America 213699
Fetched https://en.wikipedia.org/wiki/President_of_Guatemala 475759
Fetched https://en.wikipedia.org/wiki/List_of_Presidents_of_Honduras 401022
Fetched https://en.wikipedia.org/wiki/President_of_Nicaragua 182886
Fetched https://en.wikipedia.org/wiki/List_of_heads_of_state_of_Mexico 967310
Fetched https://en.wikipedia.org/wiki/President_of_the_Republic_of_Texas 131498
Fetched https://en.wikipedia.org/wiki/President_of_Bolivia 320597
Fetched https://en.wikipedia.org/wiki/List_of_presidents_of_Colombia 795865
Fetched https://en.wikipedia.org/wiki/List_of_heads_of_state_of_Ecuador 685648
Fetched https://en.wikipedia.org/wiki/List_of_Presidents_of_Peru 863671
Progress 1790/1858 URLs
Fetched https://en.wikipedia.org/wiki/List_of_heads_of_state_of_Afghanistan 640122
Fetched https://en.wikipedia.org/wiki/List_of_emirs_of_Qatar 308445
Fetched https://en.wikipedia.org/wiki/List_of_rulers_of_Baden 313046
Fetched https://en.wikipedia.org/wiki/List_of_rulers_of_W%C3%BCrttemberg 364857
Fetched https://en.wikipedia.org/wiki/List_of_Presidents_of_Uruguay 490442
Fetched https://en.wikipedia.org/wiki/List_of_heads_of_state_of_Spain 318629
Fetched https://en.wikipedia.org/wiki/List_of_Sultans_of_Zanzibar 333222
Fetched https://en.wikipedia.org/wiki/State_President_of_the_Orange_Free_State 177838
Fetched https://en.wikipedia.org/wiki/State_President_of_the_South_African_Republic 174488
Progress 1800/1858 URLs
Fetched https://en.wikipedia.org/wiki/Monarchy_of_Fiji 341267
Fetched https://en.wikipedia.org/wiki/List_of_rulers_of_Thrace_and_Dacia 372185
Fetched https://en.wikipedia.org/wiki/List_of_heads_of_state_of_Eritrea 175602
Fetched https://en.wikipedia.org/wiki/List_of_Presidents_of_Seychelles 220410
Fetched https://en.wikipedia.org/wiki/President_of_Botswana 265032
Fetched https://en.wikipedia.org/wiki/List_of_heads_of_state_of_Malawi 185653
Fetched https://en.wikipedia.org/wiki/President_of_South_Africa 361879
Fetched https://en.wikipedia.org/wiki/List_of_Presidents_of_Zambia 275626
Fetched https://en.wikipedia.org/wiki/List_of_heads_of_state_of_Ghana 355977
Fetched https://en.wikipedia.org/wiki/List_of_heads_of_state_of_Nigeria 376325
Fetched https://en.wikipedia.org/wiki/List_of_Presidents_of_the_Dominican_Republic 485415
Progress 1810/1858 URLs
Fetched https://en.wikipedia.org/wiki/List_of_Presidents_of_Costa_Rica 367937
Fetched https://en.wikipedia.org/wiki/List_of_heads_of_state_of_Panama 469148
Fetched https://en.wikipedia.org/wiki/List_of_heads_of_state_of_Argentina 905486
Fetched https://en.wikipedia.org/wiki/President_of_Chile 252332
Fetched https://en.wikipedia.org/wiki/List_of_Presidents_of_Brazil 598362
Fetched https://en.wikipedia.org/wiki/President_of_Suriname 276797
Fetched https://en.wikipedia.org/wiki/President_of_Turkmenistan 195958
Fetched https://en.wikipedia.org/wiki/President_of_Paraguay 206001
Fetched https://en.wikipedia.org/wiki/List_of_Presidents_of_Indonesia 332750
Fetched https://en.wikipedia.org/wiki/List_of_Presidents_of_Cyprus 297300
Progress 1820/1858 URLs
Fetched https://en.wikipedia.org/wiki/King_of_Saudi_Arabia 321729
Fetched https://en.wikipedia.org/wiki/President_of_Palau 176144
Fetched https://en.wikipedia.org/wiki/List_of_presidents_of_Venezuela 775658
Fetched https://en.wikipedia.org/wiki/List_of_heads_of_state_of_South_Sudan 218592
Fetched https://en.wikipedia.org/wiki/List_of_rulers_of_Saudi_Arabia 286145
Fetched https://en.wikipedia.org/wiki/List_of_heads_of_state_of_the_Democratic_Republic_of_the_Congo 419914
Fetched https://en.wikipedia.org/wiki/List_of_heads_of_state_of_the_Gambia 195323
Fetched https://en.wikipedia.org/wiki/List_of_presidents_of_the_Dominican_Republic 484960
Fetched https://en.wikipedia.org/wiki/List_of_presidents_of_Costa_Rica 367547
Fetched https://en.wikipedia.org/wiki/List_of_presidents_of_Brazil 597992
Progress 1830/1858 URLs
Fetched https://en.wikipedia.org/wiki/List_of_presidents_of_Uruguay 490066
Fetched https://en.wikipedia.org/wiki/President_of_Timor-Leste 218101
Fetched https://en.wikipedia.org/wiki/List_of_presidents_of_Indonesia 332365
Fetched https://en.wikipedia.org/wiki/List_of_presidents_of_Cyprus 297300
Fetched https://en.wikipedia.org/wiki/List_of_Tamil_monarchs 218939
Fetched https://en.wikipedia.org/wiki/List_of_presidents_of_Chile 515151
Fetched https://en.wikipedia.org/wiki/List_of_Roman_Emperors 1621740
Fetched https://en.wikipedia.org/wiki/Template:Vakataka_Infobox 76707
Fetched https://en.wikipedia.org/wiki/List_of_Emperors_of_Japan 1214254
Progress 1840/1858 URLs
Fetched https://en.wikipedia.org/wiki/List_of_shahanshahs_of_the_Sasanian_Empire 332121
Fetched https://en.wikipedia.org/wiki/List_of_kings_of_Pontus 198167
Fetched https://en.wikipedia.org/wiki/Monarchy_of_Cambodia 501777
Fetched https://en.wikipedia.org/wiki/Varman_dynasty 292605
Fetched https://en.wikipedia.org/wiki/Template:Banavasi_Kadamba_Kings_Infobox 66880
Fetched https://en.wikipedia.org/wiki/List_of_monarchs_of_Carthage 79067
Fetched https://en.wikipedia.org/wiki/List_of_kings_of_D%C3%A1l_Riata 147096
Fetched https://en.wikipedia.org/wiki/List_of_legendary_kings_of_Sweden 375478
Fetched https://en.wikipedia.org/wiki/List_of_kings_of_Dumnonia 111819
Fetched https://en.wikipedia.org/wiki/List_of_kings_of_the_Lombards 259753
Fetched https://en.wikipedia.org/wiki/List_of_Galician_monarchs 166306
Progress 1850/1858 URLs
Fetched https://en.wikipedia.org/wiki/Argead_dynasty 535513
Fetched https://en.wikipedia.org/wiki/Qaghans_of_the_Turkic_khaganates 142064
Fetched https://en.wikipedia.org/wiki/List_of_monarchs_of_Northumbria 277082
Fetched https://en.wikipedia.org/wiki/List_of_Frankish_kings 599554
Fetched https://en.wikipedia.org/wiki/Kings_of_Judah 174771
Fetched https://en.wikipedia.org/wiki/Mlechchha_dynasty 180709
