Unavailable https://en.wikipedia.org/wiki/List_of_monarchs_of_the_Achaemenid_Empire HTTP Error 404: Not Found
Progress 10/1637 URLs
Unavailable https://en.wikipedia.org/wiki/List_of_Timurid_rulers HTTP Error 404: Not Found
Progress 20/1637 URLs
Unavailable https://en.wikipedia.org/wiki/List_of_Chola_emperors HTTP Error 404: Not Found
Progress 30/1637 URLs
Unavailable https://en.wikipedia.org/wiki/List_of_emperors_of_Russia HTTP Error 404: Not Found
Progress 40/1637 URLs
Progress 50/1637 URLs
Progress 60/1637 URLs
Progress 70/1637 URLs
Progress 80/1637 URLs
Progress 90/1637 URLs
Progress 100/1637 URLs
Progress 110/1637 URLs
Progress 120/1637 URLs
Progress 130/1637 URLs
Progress 140/1637 URLs
Progress 150/1637 URLs
Progress 160/1637 URLs
Progress 170/1637 URLs
Progress 180/1637 URLs
Progress 190/1637 URLs
Progress 200/1637 URLs
Progress 210/1637 URLs
Progress 220/1637 URLs
Progress 230/1637 URLs
Progress 240/1637 URLs
Progress 250/1637 URLs
Progress 260/1637 URLs
Progress 270/1637 URLs
Progress 280/1637 URLs
Progress 290/1637 URLs
Progress 300/1637 URLs
Progress 310/1637 URLs
Progress 320/1637 URLs
Progress 330/1637 URLs
Progress 340/1637 URLs
Progress 350/1637 URLs
Progress 360/1637 URLs
Progress 370/1637 URLs
Progress 380/1637 URLs
Progress 390/1637 URLs
Progress 400/1637 URLs
Progress 410/1637 URLs
Progress 420/1637 URLs
Progress 430/1637 URLs
Progress 440/1637 URLs
Progress 450/1637 URLs
Progress 460/1637 URLs
Progress 470/1637 URLs
Progress 480/1637 URLs
Progress 490/1637 URLs
Progress 500/1637 URLs
Progress 510/1637 URLs
Progress 520/1637 URLs
Progress 530/1637 URLs
Progress 540/1637 URLs
Progress 550/1637 URLs
Progress 560/1637 URLs
Progress 570/1637 URLs
Progress 580/1637 URLs
Progress 590/1637 URLs
Progress 600/1637 URLs
Progress 610/1637 URLs
Progress 620/1637 URLs
Progress 630/1637 URLs
Progress 640/1637 URLs
Progress 650/1637 URLs
Progress 660/1637 URLs
Progress 670/1637 URLs
Progress 680/1637 URLs
Progress 690/1637 URLs
Progress 700/1637 URLs
Progress 710/1637 URLs
Unavailable https://en.wikipedia.org/wiki/List_of_Cambodian_monarchs HTTP Error 404: Not Found
Fetched https://en.wikipedia.org/wiki/Empire_of_Thessalonica 273900
Fetched https://en.wikipedia.org/wiki/Zayyanid_dynasty 198829
Progress 720/1637 URLs
Fetched https://en.wikipedia.org/wiki/Kingdom_of_Tlemcen 440209
Fetched https://en.wikipedia.org/wiki/Capetian_House_of_Anjou 428950
Fetched https://en.wikipedia.org/wiki/Duchy_of_G%C5%82og%C3%B3w 167863
Fetched https://en.wikipedia.org/wiki/County_of_Holland 301129
Progress 730/1637 URLs
Fetched https://en.wikipedia.org/wiki/Margraviate_of_Brandenburg 309995
Fetched https://en.wikipedia.org/wiki/Hohenstaufen 425813
Progress 740/1637 URLs
Fetched https://en.wikipedia.org/wiki/Testament_of_Boles%C5%82aw_III_Wrymouth 93188
Fetched https://en.wikipedia.org/wiki/Duchy_of_Jawor 179166
Progress 750/1637 URLs
Fetched https://en.wikipedia.org/wiki/Grand_Duchy_of_Krak%C3%B3w 141667
Fetched https://en.wikipedia.org/wiki/Syrmia 311842
Fetched https://en.wikipedia.org/wiki/Sultanate_of_Ifat 433996
Fetched https://en.wikipedia.org/wiki/Duchy_of_Bytom 151791
Progress 760/1637 URLs
Fetched https://en.wikipedia.org/wiki/Hanthawaddy_Kingdom 200038
Progress 770/1637 URLs
Fetched https://en.wikipedia.org/wiki/Principality_of_Moscow 1247693
Fetched https://en.wikipedia.org/wiki/Myinsaing_Kingdom 240992
Fetched https://en.wikipedia.org/wiki/Principality_of_Beloozero 135030
Fetched https://en.wikipedia.org/wiki/Aydinids 361049
Progress 780/1637 URLs
Fetched https://en.wikipedia.org/wiki/Karasids 382386
Fetched https://en.wikipedia.org/wiki/Candar_dynasty 327325
Fetched https://en.wikipedia.org/wiki/Kingdom_of_Singapura 549047
Fetched https://en.wikipedia.org/wiki/Germiyanids 489039
Progress 790/1637 URLs
Fetched https://en.wikipedia.org/wiki/Sarukhanids 165792
Fetched https://en.wikipedia.org/wiki/Nanzan 140263
Progress 800/1637 URLs
Fetched https://en.wikipedia.org/wiki/Tughlaq_dynasty 577136
Fetched https://en.wikipedia.org/wiki/Hokuzan 157382
Fetched https://en.wikipedia.org/wiki/Beylik_of_Teke 199632
Fetched https://en.wikipedia.org/wiki/Earldom_of_Ulster 132870
Fetched https://en.wikipedia.org/wiki/Kenmu_Restoration 232799
Fetched https://en.wikipedia.org/wiki/Principality_of_Theodoro 304804
Progress 810/1637 URLs
Fetched https://en.wikipedia.org/wiki/Principality_of_Valona 165454
Fetched https://en.wikipedia.org/wiki/Sarbadars 269134
Fetched https://en.wikipedia.org/wiki/Christopher_II_of_Denmark 169962
Fetched https://en.wikipedia.org/wiki/Chobanids 324776
Progress 820/1637 URLs
Fetched https://en.wikipedia.org/wiki/Beylik_of_Dulkadir 373610
Fetched https://en.wikipedia.org/wiki/Muzaffarids 56653
Progress 830/1637 URLs
Fetched https://en.wikipedia.org/wiki/Bruneian_Sultanate_(1368-1888) 479614
Fetched https://en.wikipedia.org/wiki/County_Palatine_of_Cephalonia_and_Zakynthos 207679
Fetched https://en.wikipedia.org/wiki/Blue_Horde 136783
Fetched https://en.wikipedia.org/wiki/House_of_Valois-Anjou 120914
Fetched https://en.wikipedia.org/wiki/Despotate_of_Dobruja 175295
Fetched https://en.wikipedia.org/wiki/Tondo_(historical_polity) 931494
Progress 840/1637 URLs
Fetched https://en.wikipedia.org/wiki/Despotate_of_Arta 175643
Fetched https://en.wikipedia.org/wiki/B%C3%A9arn 245126
Fetched https://en.wikipedia.org/wiki/Margraviate_of_Moravia 352443
Progress 850/1637 URLs
Fetched https://en.wikipedia.org/wiki/Jaunpur_Sultanate 286236
Fetched https://en.wikipedia.org/wiki/Oirat_Confederation 216577
Fetched https://en.wikipedia.org/wiki/Sayyid_dynasty 250575
Progress 860/1637 URLs
Fetched https://en.wikipedia.org/wiki/Arab_Iraq 103843
Fetched https://en.wikipedia.org/wiki/L%C3%AA_dynasty 823226
Progress 870/1637 URLs
Fetched https://en.wikipedia.org/wiki/Kingdom_of_Mrauk_U 571363
Fetched https://en.wikipedia.org/wiki/Jagiellonian_dynasty 603745
Progress 880/1637 URLs
Fetched https://en.wikipedia.org/wiki/Golden_Ambrosian_Republic 226735
Fetched https://en.wikipedia.org/wiki/Qasim_Khanate 191118
Fetched https://en.wikipedia.org/wiki/Moghulistan 403838
Progress 890/1637 URLs
Fetched https://en.wikipedia.org/wiki/East_Turkestan 501962
Fetched https://en.wikipedia.org/wiki/Kingdom_of_Imereti 387645
Fetched https://en.wikipedia.org/wiki/Principality_of_Abkhazia 243177
Fetched https://en.wikipedia.org/wiki/Astrakhan_Khanate 195620
Fetched https://en.wikipedia.org/wiki/Mongol_khanate 56656
Progress 900/1637 URLs
Fetched https://en.wikipedia.org/wiki/Kingdom_of_Kakheti 244116
Fetched https://en.wikipedia.org/wiki/Wattasid_dynasty 204674
Fetched https://en.wikipedia.org/wiki/Kapisa 54547
Fetched https://en.wikipedia.org/wiki/Prome_Kingdom 174753
Progress 910/1637 URLs
Fetched https://en.wikipedia.org/wiki/Habsburg_Austria 53565
Fetched https://en.wikipedia.org/wiki/Berar_Sultanate 150602
Fetched https://en.wikipedia.org/wiki/Bidar_Sultanate 190577
Fetched https://en.wikipedia.org/wiki/Portuguese_Empire 1211863
Progress 920/1637 URLs
Fetched https://en.wikipedia.org/wiki/Portuguese_Africa 62258
Fetched https://en.wikipedia.org/wiki/Portuguese_Ceylon 319411
Progress 930/1637 URLs
Fetched https://en.wikipedia.org/wiki/Sultanate_of_Gowa 336769
Fetched https://en.wikipedia.org/wiki/Qutb_Shahi_dynasty 420431
Fetched https://en.wikipedia.org/wiki/Maynila_(historical_polity) 685781
Fetched https://en.wikipedia.org/wiki/Sultanate_of_Banjar 381350
Progress 940/1637 URLs
Fetched https://en.wikipedia.org/wiki/Johor_Sultanate 471305
Fetched https://en.wikipedia.org/wiki/Hussain_Shahi_dynasty 172096
Progress 950/1637 URLs
Fetched https://en.wikipedia.org/wiki/Tumed 123445
Fetched https://en.wikipedia.org/wiki/France_Antarctique 232367
Fetched https://en.wikipedia.org/wiki/House_of_Savoy 647037
Fetched https://en.wikipedia.org/wiki/Kingdom_of_Mysore 698189
Fetched https://en.wikipedia.org/wiki/Polish-Lithuanian_Commonwealth 1508834
Progress 960/1637 URLs
Fetched https://en.wikipedia.org/wiki/Patani_Kingdom 328241
Fetched https://en.wikipedia.org/wiki/Khoshut_Khanate 306929
Fetched https://en.wikipedia.org/wiki/Mataram_Sultanate 464452
Progress 970/1637 URLs
Fetched https://en.wikipedia.org/wiki/Tanjungpura_Kingdom 225140
Fetched https://en.wikipedia.org/wiki/Jesuit_missions_among_the_Guaran%C3%AD 353888
Fetched https://en.wikipedia.org/wiki/Later_Jin_(1616-1636) 262952
Fetched https://en.wikipedia.org/wiki/Mempawah_Kingdom 231070
Progress 980/1637 URLs
Fetched https://en.wikipedia.org/wiki/Li_Zicheng 277617
Fetched https://en.wikipedia.org/wiki/Kalmyk_Khanate 223939
Progress 990/1637 URLs
Progress 1000/1637 URLs
Fetched https://en.wikipedia.org/wiki/Principality_of_Upper_Hungary 106808
Unavailable https://en.wikipedia.org/wiki/Cambodia_Middle_Period HTTP Error 404: Not Found
Progress 1010/1637 URLs
Fetched https://en.wikipedia.org/wiki/Swedish_invasion_of_Poland_(1701-1706) 255075
Fetched https://en.wikipedia.org/wiki/Beylik_of_Tunis 306697
Progress 1020/1637 URLs
Fetched https://en.wikipedia.org/wiki/Kingdom_of_Lunda 130908
Fetched https://en.wikipedia.org/wiki/Karamanli_dynasty 150843
Progress 1030/1637 URLs
Fetched https://en.wikipedia.org/wiki/Principality_of_Svaneti 214473
Fetched https://en.wikipedia.org/wiki/Bamana_Empire 190835
Fetched https://en.wikipedia.org/wiki/Nawab_of_Awadh 162409
Fetched https://en.wikipedia.org/wiki/Sultan_of_Terengganu 142082
Progress 1040/1637 URLs
Fetched https://en.wikipedia.org/wiki/Duchy_of_Courland_and_Semigallia 241888
Fetched https://en.wikipedia.org/wiki/Konbaung_dynasty 861120
Progress 1050/1637 URLs
Fetched https://en.wikipedia.org/wiki/Surakarta_Sunanate 218760
Fetched https://en.wikipedia.org/wiki/Corsican_Republic 217666
Progress 1060/1637 URLs
Progress 1070/1637 URLs
Progress 1080/1637 URLs
Fetched https://en.wikipedia.org/wiki/Cisalpine_Republic 194721
Fetched https://en.wikipedia.org/wiki/Misl 527534
Progress 1090/1637 URLs
Fetched https://en.wikipedia.org/wiki/Septinsular_Republic 555873
Fetched https://en.wikipedia.org/wiki/Electorate_of_Hesse 203817
Fetched https://en.wikipedia.org/wiki/Kingdom_of_Etruria 203625
Fetched https://en.wikipedia.org/wiki/Electorate_of_Baden 149066
Progress 1100/1637 URLs
Fetched https://en.wikipedia.org/wiki/Serbs 1223615
Fetched https://en.wikipedia.org/wiki/Saxe-Altenburg 230104
Progress 1110/1637 URLs
Fetched https://en.wikipedia.org/wiki/Grand_Duchy_of_Baden 366233
Fetched https://en.wikipedia.org/wiki/Duchy_of_Oldenburg 201438
Fetched https://en.wikipedia.org/wiki/Principality_of_Waldeck_and_Pyrmont 654952
Fetched https://en.wikipedia.org/wiki/Principality_of_Lippe 323003
Fetched https://en.wikipedia.org/wiki/Kingdom_of_Bavaria 369313
Fetched https://en.wikipedia.org/wiki/Duchy_of_Mecklenburg 124406
Progress 1120/1637 URLs
Fetched https://en.wikipedia.org/wiki/Duchy_of_Anhalt 208379
Fetched https://en.wikipedia.org/wiki/Kingdom_of_Saxony 358641
Progress 1130/1637 URLs
Fetched https://en.wikipedia.org/wiki/Confederation_of_the_Rhine 318509
Fetched https://en.wikipedia.org/wiki/Cundinamarca 65530
Progress 1140/1637 URLs
Fetched https://en.wikipedia.org/wiki/Federal_League_(1815-1820) 182170
Progress 1150/1637 URLs
Fetched https://en.wikipedia.org/wiki/Talpur_dynasty 263788
Fetched https://en.wikipedia.org/wiki/Massina_Empire 226177
Fetched https://en.wikipedia.org/wiki/Zululand 74750
Progress 1160/1637 URLs
Fetched https://en.wikipedia.org/wiki/Trucial_States 372834
Fetched https://en.wikipedia.org/wiki/Gran_Colombia 397095
Fetched https://en.wikipedia.org/wiki/First_Mexican_Empire 413327
Progress 1170/1637 URLs
Fetched https://en.wikipedia.org/wiki/Emirate_of_Jabal_Shammar 174783
Fetched https://en.wikipedia.org/wiki/Caucasian_Imamate 180141
Progress 1180/1637 URLs
Fetched https://en.wikipedia.org/wiki/Centralist_Republic_of_Mexico 394721
Unavailable https://en.wikipedia.org/wiki/id.wikipedia.org%2Fwiki%2FKesultanan_Sambaliung HTTP Error 404: Not Found
Fetched https://en.wikipedia.org/wiki/Republic_of_Texas 534906
Progress 1190/1637 URLs
Fetched https://en.wikipedia.org/wiki/Durrani_dynasty 332969
Progress 1200/1637 URLs
Fetched https://en.wikipedia.org/wiki/Jammu_and_Kashmir_(princely_state) 349289
Fetched https://en.wikipedia.org/wiki/Dominican_Republic 1694135
Fetched https://en.wikipedia.org/wiki/Italian_nationalism 355195
Progress 1210/1637 URLs
Fetched https://en.wikipedia.org/wiki/Republic_of_Baden 263638
Fetched https://en.wikipedia.org/wiki/Republic_of_Baja_California 99107
Progress 1220/1637 URLs
Fetched https://en.wikipedia.org/wiki/Panthay_Rebellion 407521
Fetched https://en.wikipedia.org/wiki/Granadine_Confederation 342142
Progress 1230/1637 URLs
Fetched https://en.wikipedia.org/wiki/Second_Mexican_Empire 692593
Fetched https://en.wikipedia.org/wiki/Conservative_Party_(Mexico) 257386
Progress 1240/1637 URLs
Progress 1250/1637 URLs
Progress 1260/1637 URLs
Progress 1270/1637 URLs
Fetched https://en.wikipedia.org/wiki/Russian_Republic 300157
Fetched https://en.wikipedia.org/wiki/Imamate_of_Oman 179605
Progress 1280/1637 URLs
Progress 1290/1637 URLs
Progress 1300/1637 URLs
Progress 1310/1637 URLs
Progress 1320/1637 URLs
Progress 1330/1637 URLs
Progress 1340/1637 URLs
Progress 1350/1637 URLs
Progress 1360/1637 URLs
Progress 1370/1637 URLs
Progress 1380/1637 URLs
Progress 1390/1637 URLs
Progress 1400/1637 URLs
Progress 1410/1637 URLs
Progress 1420/1637 URLs
Progress 1430/1637 URLs
Progress 1440/1637 URLs
Fetched https://en.wikipedia.org/wiki/Kingdom_of_Hejaz_and_Nejd 192997
Progress 1450/1637 URLs
Progress 1460/1637 URLs
Progress 1470/1637 URLs
Progress 1480/1637 URLs
Progress 1490/1637 URLs
Progress 1500/1637 URLs
Progress 1510/1637 URLs
Progress 1520/1637 URLs
Progress 1530/1637 URLs
Progress 1540/1637 URLs
Progress 1550/1637 URLs
Progress 1560/1637 URLs
Progress 1570/1637 URLs
Unavailable https://en.wikipedia.org/wiki/List_of_monarchs_of_Württemberg 'ascii' codec can't encode character '\xfc' in position 31: ordinal not in range(128)
Unavailable https://en.wikipedia.org/wiki/List_of_ministers-president_of_Baden-Württemberg#Ministers-President_of_the_Kingdom_of_Württemberg_(1821–1918) 'ascii' codec can't encode character '\xfc' in position 48: ordinal not in range(128)
Progress 1580/1637 URLs
Progress 1590/1637 URLs
Progress 1600/1637 URLs
Progress 1610/1637 URLs
Progress 1620/1637 URLs
Progress 1630/1637 URLs
